// Vitest Snapshot v1, https://vitest.dev/guide/snapshot.html

exports[`index barrel > index-barrel 1`] = `
{
  "Config": undefined,
  "EnumValues": undefined,
  "Enums": undefined,
  "EnumsContext": {
    "$$typeof": Symbol(react.context),
    "Consumer": {
      "$$typeof": Symbol(react.consumer),
      "_context": [Circular],
    },
    "Provider": [Circular],
    "_currentRenderer": null,
    "_currentRenderer2": null,
    "_currentValue": {
      "enums": {},
    },
    "_currentValue2": {
      "enums": {},
    },
    "_threadCount": 0,
  },
  "EnumsProvider": [Function],
  "EnumsState": undefined,
  "configureEnums": [Function],
  "filterEnumValues": [Function],
  "getDefaultState": [Function],
  "getEnumsAsPage": [Function],
  "loadEnums": [Function],
  "makeEnumsService": [Function],
  "useEnum": [Function],
  "useEnums": [Function],
}
`;
