// Jest Snapshot v1, https://goo.gl/fbAQLP

exports[`index barrel: index-barrel 1`] = `
Object {
  "EnumsContext": Object {
    "$$typeof": Symbol(react.context),
    "Consumer": Object {
      "$$typeof": Symbol(react.context),
      "_context": [Circular],
    },
    "Provider": Object {
      "$$typeof": Symbol(react.provider),
      "_context": [Circular],
    },
    "_currentRenderer": null,
    "_currentRenderer2": null,
    "_currentValue": Object {
      "enums": Object {},
    },
    "_currentValue2": Object {
      "enums": Object {},
    },
    "_defaultValue": null,
    "_globalName": null,
    "_threadCount": 0,
  },
  "EnumsProvider": [Function],
  "configureEnums": [Function],
  "filterEnumValues": [Function],
  "getDefaultState": [Function],
  "getEnumsAsPage": [Function],
  "loadEnums": [Function],
  "makeEnumsService": [Function],
  "useEnum": [Function],
  "useEnums": [Function],
}
`;
